
> ictsystem@0.0.0 build
> ng build

node.exe : [1m[33m[baseline-browser-mapping] The data in this module is over 
two months old.  To ensure accurate Baseline data, please update: `npm i 
baseline-browser-mapping@latest -D`[39m[22m
At C:\Program Files\nodejs\npm.ps1:29 char:3
+   & $NODE_EXE $NPM_CLI_JS $args
+   ~~~~~~~~~~~~~~~~~~~~~~~~~~~~~
    + CategoryInfo          : NotSpecified: ([1m[33m[basel...t -D`[39m[22m 
   :String) [], RemoteException
    + FullyQualifiedErrorId : NativeCommandError
 
[33mΓ¥»[39m Building...
[baseline-browser-mapping] The data in this module is over two months old.  To 
ensure accurate Baseline data, please update: `npm i 
baseline-browser-mapping@latest -D`
[32mΓ£ö[39m Building...
[35mBrowser bundles[39m      
[1mInitial chunk files[22m  [2m | [22m[1mNames[22m                   [2m | [22m [1mRaw size[22m[2m | [22m[1mEstimated transfer size[22m
[32mstyles-KMFPBLEY.css[39m  [2m | [22m[2mstyles[22m                  [2m | [22m[36m658.66 kB[39m[2m | [22m               [36m58.93 kB[39m
[32mchunk-YBKVM2KA.js[39m    [2m | [22m[2m-[22m                       [2m | [22m[36m209.73 kB[39m[2m | [22m               [36m61.24 kB[39m
[32mchunk-FOXV4GH5.js[39m    [2m | [22m[2m-[22m                       [2m | [22m[36m172.44 kB[39m[2m | [22m               [36m44.20 kB[39m
[32mchunk-GQ5BXQ72.js[39m    [2m | [22m[2m-[22m                       [2m | [22m[36m146.29 kB[39m[2m | [22m               [36m37.72 kB[39m
[32mchunk-DI4W3NQY.js[39m    [2m | [22m[2m-[22m                       [2m | [22m[36m144.78 kB[39m[2m | [22m               [36m38.62 kB[39m
[32mchunk-KCMVQJKI.js[39m    [2m | [22m[2m-[22m                       [2m | [22m [36m82.33 kB[39m[2m | [22m               [36m16.02 kB[39m
[32mchunk-5O267RZC.js[39m    [2m | [22m[2m-[22m                       [2m | [22m [36m66.74 kB[39m[2m | [22m               [36m18.71 kB[39m
[32mpolyfills-5CFQRCPP.js[39m[2m | [22m[2mpolyfills[22m               [2m | [22m [36m34.59 kB[39m[2m | [22m               [36m11.33 kB[39m
[32mmain-2JHVKHS6.js[39m     [2m | [22m[2mmain[22m                    [2m | [22m [36m29.10 kB[39m[2m | [22m                [36m9.28 kB[39m
[32mchunk-JRF7D3EG.js[39m    [2m | [22m[2m-[22m                       [2m | [22m  [36m8.04 kB[39m[2m | [22m                [36m2.48 kB[39m
[32mchunk-GWGWIYPE.js[39m    [2m | [22m[2m-[22m                       [2m | [22m  [36m4.13 kB[39m[2m | [22m                [36m1.07 kB[39m
[32mchunk-5WBNDY7S.js[39m    [2m | [22m[2m-[22m                       [2m | [22m  [36m3.52 kB[39m[2m | [22m                [36m1.03 kB[39m
[32mchunk-MOWPD6YY.js[39m    [2m | [22m[2m-[22m                       [2m | [22m  [36m1.88 kB[39m[2m | [22m              [36m818 bytes[39m
[32mchunk-O3NHZOCN.js[39m    [2m | [22m[2m-[22m                       [2m | [22m[36m721 bytes[39m[2m | [22m              [36m721 bytes[39m
[32mchunk-MKLYYOFI.js[39m    [2m | [22m[2m-[22m                       [2m | [22m[36m247 bytes[39m[2m | [22m              [36m247 bytes[39m

[1m [22m                    [2m | [22m[1mInitial total[22m           [2m | [22m  [1m1.56 MB[22m[2m | [22m              [1m302.43 kB[22m

[1mLazy chunk files[22m     [2m | [22m[1mNames[22m                   [2m | [22m [1mRaw size[22m[2m | [22m[1mEstimated transfer size[22m
[32mchunk-6PGQDQ4B.js[39m    [2m | [22m[2manalytics-page[22m          [2m | [22m[36m971.05 kB[39m[2m | [22m              [36m267.75 kB[39m
[32mchunk-ZC6I3ND4.js[39m    [2m | [22m[2mhtml2canvas[22m             [2m | [22m[36m203.21 kB[39m[2m | [22m               [36m38.52 kB[39m
[32mchunk-RWLG3QJR.js[39m    [2m | [22m[2mngx-quill-quill-CUw8Q_m0[22m[2m | [22m[36m184.23 kB[39m[2m | [22m               [36m47.08 kB[39m
[32mchunk-XK4OHR4P.js[39m    [2m | [22m[2mindex-es[22m                [2m | [22m[36m158.26 kB[39m[2m | [22m               [36m46.69 kB[39m
[32mchunk-TK3G3SS4.js[39m    [2m | [22m[2m-[22m                       [2m | [22m[36m117.18 kB[39m[2m | [22m               [36m20.02 kB[39m
[32mchunk-63PK7ZAY.js[39m    [2m | [22m[2mmain-layout[22m             [2m | [22m[36m115.75 kB[39m[2m | [22m               [36m29.42 kB[39m
[32mchunk-Z6IH2BZB.js[39m    [2m | [22m[2mticket-detail-page[22m      [2m | [22m[36m102.11 kB[39m[2m | [22m               [36m20.98 kB[39m
[32mchunk-MTBZOBMH.js[39m    [2m | [22m[2m-[22m                       [2m | [22m [36m95.31 kB[39m[2m | [22m               [36m21.40 kB[39m
[32mchunk-JZFRUHOP.js[39m    [2m | [22m[2m-[22m                       [2m | [22m [36m83.23 kB[39m[2m | [22m               [36m19.61 kB[39m
[32mchunk-X5NQ44VM.js[39m    [2m | [22m[2m-[22m                       [2m | [22m [36m63.69 kB[39m[2m | [22m               [36m17.12 kB[39m
[32mchunk-5D43RQ5S.js[39m    [2m | [22m[2m-[22m                       [2m | [22m [36m60.96 kB[39m[2m | [22m               [36m13.02 kB[39m
[32mchunk-DJHJNNVL.js[39m    [2m | [22m[2mdocs-page[22m               [2m | [22m [36m60.28 kB[39m[2m | [22m               [36m15.14 kB[39m
[32mchunk-ESXJNKAX.js[39m    [2m | [22m[2msubmit-ticket-page[22m      [2m | [22m [36m56.84 kB[39m[2m | [22m               [36m13.54 kB[39m
[32mchunk-FZZC3FYE.js[39m    [2m | [22m[2m-[22m                       [2m | [22m [36m44.91 kB[39m[2m | [22m               [36m10.63 kB[39m
[32mchunk-SJDQR2PX.js[39m    [2m | [22m[2m-[22m                       [2m | [22m [36m37.03 kB[39m[2m | [22m                [36m9.44 kB[39m
[2m...and 42 more lazy chunks files. Use "--verbose" to show all the files.[22m


[35mServer bundles[39m       
[1mInitial chunk files[22m  [2m | [22m[1mNames[22m                   [2m | [22m [1mRaw size[22m
[32mserver.mjs[39m           [2m | [22m[2mserver[22m                  [2m | [22m  [36m1.30 MB[39m[2m | [22m                       
[32mmain.server.mjs[39m      [2m | [22m[2mmain.server[22m             [2m | [22m[36m478.26 kB[39m[2m | [22m                       
[32mpolyfills.server.mjs[39m [2m | [22m[2mpolyfills.server[22m        [2m | [22m[36m265.23 kB[39m[2m | [22m                       
[32mchunk-VPWYJH7I.mjs[39m   [2m | [22m[2m-[22m                       [2m | [22m[36m209.05 kB[39m[2m | [22m                       
[32mchunk-XF7UMIJI.mjs[39m   [2m | [22m[2m-[22m                       [2m | [22m[36m173.16 kB[39m[2m | [22m                       
[32mchunk-LOQGFMQM.mjs[39m   [2m | [22m[2m-[22m                       [2m | [22m[36m146.55 kB[39m[2m | [22m                       
[32mchunk-VJCL4VL4.mjs[39m   [2m | [22m[2m-[22m                       [2m | [22m[36m144.85 kB[39m[2m | [22m                       
[32mchunk-XFVOHIEP.mjs[39m   [2m | [22m[2m-[22m                       [2m | [22m [36m82.32 kB[39m[2m | [22m                       
[32mchunk-6MGXNXEH.mjs[39m   [2m | [22m[2m-[22m                       [2m | [22m [36m66.78 kB[39m[2m | [22m                       
[32mchunk-L2CAMHQQ.mjs[39m   [2m | [22m[2m-[22m                       [2m | [22m  [36m8.08 kB[39m[2m | [22m                       
[32mchunk-VHMJHSHJ.mjs[39m   [2m | [22m[2m-[22m                       [2m | [22m  [36m4.17 kB[39m[2m | [22m                       
[32mchunk-SAIGQJQH.mjs[39m   [2m | [22m[2m-[22m                       [2m | [22m  [36m3.56 kB[39m[2m | [22m                       
[32mchunk-DU4D2LVZ.mjs[39m   [2m | [22m[2m-[22m                       [2m | [22m  [36m2.98 kB[39m[2m | [22m                       
[32mchunk-L2MVFUKD.mjs[39m   [2m | [22m[2m-[22m                       [2m | [22m  [36m1.32 kB[39m[2m | [22m                       
[32mchunk-TRG2QTQ7.mjs[39m   [2m | [22m[2m-[22m                       [2m | [22m[36m280 bytes[39m[2m | [22m                       

[1mLazy chunk files[22m     [2m | [22m[1mNames[22m                   [2m | [22m [1mRaw size[22m
[32mchunk-P7FIDLBC.mjs[39m   [2m | [22m[2manalytics-page[22m          [2m | [22m  [36m1.46 MB[39m[2m | [22m                       
[32mchunk-F5R2SZTR.mjs[39m   [2m | [22m[2mngx-quill-quill-CUw8Q_m0[22m[2m | [22m[36m184.26 kB[39m[2m | [22m                       
[32mchunk-536ANVQU.mjs[39m   [2m | [22m[2m-[22m                       [2m | [22m[36m117.22 kB[39m[2m | [22m                       
[32mchunk-L5LCZI6H.mjs[39m   [2m | [22m[2mmain-layout[22m             [2m | [22m[36m115.78 kB[39m[2m | [22m                       
[32mchunk-UKPVUIV3.mjs[39m   [2m | [22m[2mticket-detail-page[22m      [2m | [22m[36m102.14 kB[39m[2m | [22m                       
[32mchunk-QF75SSBN.mjs[39m   [2m | [22m[2m-[22m                       [2m | [22m [36m95.34 kB[39m[2m | [22m                       
[32mchunk-O37VPHCQ.mjs[39m   [2m | [22m[2m-[22m                       [2m | [22m [36m83.27 kB[39m[2m | [22m                       
[32mchunk-GEQVPOW2.mjs[39m   [2m | [22m[2m-[22m                       [2m | [22m [36m63.73 kB[39m[2m | [22m                       
[32mchunk-EAKZOUW7.mjs[39m   [2m | [22m[2m-[22m                       [2m | [22m [36m61.01 kB[39m[2m | [22m                       
[32mchunk-MBE3UCWM.mjs[39m   [2m | [22m[2mdocs-page[22m               [2m | [22m [36m60.30 kB[39m[2m | [22m                       
[32mchunk-DYEUQGD5.mjs[39m   [2m | [22m[2msubmit-ticket-page[22m      [2m | [22m [36m56.88 kB[39m[2m | [22m                       
[32mchunk-MDC2QRJF.mjs[39m   [2m | [22m[2m-[22m                       [2m | [22m [36m44.95 kB[39m[2m | [22m                       
[32mchunk-MNGMAKSK.mjs[39m   [2m | [22m[2m-[22m                       [2m | [22m [36m37.07 kB[39m[2m | [22m                       
[32mchunk-GE7TT75L.mjs[39m   [2m | [22m[2mknowledge-base-page[22m     [2m | [22m [36m35.91 kB[39m[2m | [22m                       
[32mchunk-DC44M2NE.mjs[39m   [2m | [22m[2m-[22m                       [2m | [22m [36m34.15 kB[39m[2m | [22m                       
[2m...and 41 more lazy chunks files. Use "--verbose" to show all the files.[22m

[35mPrerendered 0 static routes.[39m
Application bundle generation complete. [33.365 seconds] - 2026-05-14T03:09:58.297Z

[1m[33m[33mΓû▓ [43;33m[[43;30mWARNING[43;33m][0m [1mModule 
'core-js/modules/es.promise.js' used by 'node_modules/canvg/lib/index.es.js' 
is not ESM[0m

  CommonJS or AMD dependencies can cause optimization bailouts.
  For more information see: 
[4mhttps://angular.dev/tools/cli/build#configuring-commonjs-dependencies[0m


[33mΓû▓ [43;33m[[43;30mWARNING[43;33m][0m [1mModule 
'core-js/modules/es.string.match.js' used by 
'node_modules/canvg/lib/index.es.js' is not ESM[0m

  CommonJS or AMD dependencies can cause optimization bailouts.
  For more information see: 
[4mhttps://angular.dev/tools/cli/build#configuring-commonjs-dependencies[0m


[33mΓû▓ [43;33m[[43;30mWARNING[43;33m][0m [1mModule 
'core-js/modules/es.string.replace.js' used by 
'node_modules/canvg/lib/index.es.js' is not ESM[0m

  CommonJS or AMD dependencies can cause optimization bailouts.
  For more information see: 
[4mhttps://angular.dev/tools/cli/build#configuring-commonjs-dependencies[0m


[33mΓû▓ [43;33m[[43;30mWARNING[43;33m][0m [1mModule 
'core-js/modules/es.string.starts-with.js' used by 
'node_modules/canvg/lib/index.es.js' is not ESM[0m

  CommonJS or AMD dependencies can cause optimization bailouts.
  For more information see: 
[4mhttps://angular.dev/tools/cli/build#configuring-commonjs-dependencies[0m


[33mΓû▓ [43;33m[[43;30mWARNING[43;33m][0m [1mModule 
'core-js/modules/es.array.iterator.js' used by 
'node_modules/canvg/lib/index.es.js' is not ESM[0m

  CommonJS or AMD dependencies can cause optimization bailouts.
  For more information see: 
[4mhttps://angular.dev/tools/cli/build#configuring-commonjs-dependencies[0m


[33mΓû▓ [43;33m[[43;30mWARNING[43;33m][0m [1mModule 
'core-js/modules/web.dom-collections.iterator.js' used by 
'node_modules/canvg/lib/index.es.js' is not ESM[0m

  CommonJS or AMD dependencies can cause optimization bailouts.
  For more information see: 
[4mhttps://angular.dev/tools/cli/build#configuring-commonjs-dependencies[0m


[33mΓû▓ [43;33m[[43;30mWARNING[43;33m][0m [1mModule 
'core-js/modules/es.array.reduce.js' used by 
'node_modules/canvg/lib/index.es.js' is not ESM[0m

  CommonJS or AMD dependencies can cause optimization bailouts.
  For more information see: 
[4mhttps://angular.dev/tools/cli/build#configuring-commonjs-dependencies[0m


[33mΓû▓ [43;33m[[43;30mWARNING[43;33m][0m [1mModule 
'core-js/modules/es.string.ends-with.js' used by 
'node_modules/canvg/lib/index.es.js' is not ESM[0m

  CommonJS or AMD dependencies can cause optimization bailouts.
  For more information see: 
[4mhttps://angular.dev/tools/cli/build#configuring-commonjs-dependencies[0m


[33mΓû▓ [43;33m[[43;30mWARNING[43;33m][0m [1mModule 
'core-js/modules/es.string.split.js' used by 
'node_modules/canvg/lib/index.es.js' is not ESM[0m

  CommonJS or AMD dependencies can cause optimization bailouts.
  For more information see: 
[4mhttps://angular.dev/tools/cli/build#configuring-commonjs-dependencies[0m


[33mΓû▓ [43;33m[[43;30mWARNING[43;33m][0m [1mModule 'raf' used by 
'node_modules/canvg/lib/index.es.js' is not ESM[0m

  CommonJS or AMD dependencies can cause optimization bailouts.
  For more information see: 
[4mhttps://angular.dev/tools/cli/build#configuring-commonjs-dependencies[0m


[33mΓû▓ [43;33m[[43;30mWARNING[43;33m][0m [1mModule 
'core-js/modules/es.string.trim.js' used by 
'node_modules/canvg/lib/index.es.js' is not ESM[0m

  CommonJS or AMD dependencies can cause optimization bailouts.
  For more information see: 
[4mhttps://angular.dev/tools/cli/build#configuring-commonjs-dependencies[0m


[33mΓû▓ [43;33m[[43;30mWARNING[43;33m][0m [1mModule 'rgbcolor' used by 
'node_modules/canvg/lib/index.es.js' is not ESM[0m

  CommonJS or AMD dependencies can cause optimization bailouts.
  For more information see: 
[4mhttps://angular.dev/tools/cli/build#configuring-commonjs-dependencies[0m


[33mΓû▓ [43;33m[[43;30mWARNING[43;33m][0m [1mModule 
'core-js/modules/es.array.index-of.js' used by 
'node_modules/canvg/lib/index.es.js' is not ESM[0m

  CommonJS or AMD dependencies can cause optimization bailouts.
  For more information see: 
[4mhttps://angular.dev/tools/cli/build#configuring-commonjs-dependencies[0m


[33mΓû▓ [43;33m[[43;30mWARNING[43;33m][0m [1mModule 
'core-js/modules/es.string.includes.js' used by 
'node_modules/canvg/lib/index.es.js' is not ESM[0m

  CommonJS or AMD dependencies can cause optimization bailouts.
  For more information see: 
[4mhttps://angular.dev/tools/cli/build#configuring-commonjs-dependencies[0m


[33mΓû▓ [43;33m[[43;30mWARNING[43;33m][0m [1mModule 
'core-js/modules/es.array.reverse.js' used by 
'node_modules/canvg/lib/index.es.js' is not ESM[0m

  CommonJS or AMD dependencies can cause optimization bailouts.
  For more information see: 
[4mhttps://angular.dev/tools/cli/build#configuring-commonjs-dependencies[0m


[33mΓû▓ [43;33m[[43;30mWARNING[43;33m][0m [1mModule 
'core-js/modules/es.regexp.to-string.js' used by 
'node_modules/canvg/lib/index.es.js' is not ESM[0m

  CommonJS or AMD dependencies can cause optimization bailouts.
  For more information see: 
[4mhttps://angular.dev/tools/cli/build#configuring-commonjs-dependencies[0m


[33mΓû▓ [43;33m[[43;30mWARNING[43;33m][0m [1mModule 'jspdf' used by 
'src/app/core/services/export.service.ts' is not ESM[0m

  CommonJS or AMD dependencies can cause optimization bailouts.
  For more information see: 
[4mhttps://angular.dev/tools/cli/build#configuring-commonjs-dependencies[0m


[33mΓû▓ [43;33m[[43;30mWARNING[43;33m][0m [1mModule 'file-saver' used by 
'src/app/core/services/export.service.ts' is not ESM[0m

  CommonJS or AMD dependencies can cause optimization bailouts.
  For more information see: 
[4mhttps://angular.dev/tools/cli/build#configuring-commonjs-dependencies[0m


[33mΓû▓ [43;33m[[43;30mWARNING[43;33m][0m [1mModule 'quill-delta' used 
by 'node_modules/quill/core.js' is not ESM[0m

  CommonJS or AMD dependencies can cause optimization bailouts.
  For more information see: 
[4mhttps://angular.dev/tools/cli/build#configuring-commonjs-dependencies[0m

[39m[22m
Output location: C:\Users\markm\Desktop\ai ict\ictsystem\frontend\dist\ictsystem

